// Jest Snapshot v1, https://goo.gl/fbAQLP

exports[`Tests over <InputNumber/>: features and behavior should show <Button/> successfully 1`] = `
<styled.div
  fontSize="1rem"
  prefix=""
>
  <styled.input
    backgroundColor="transparent"
    border="10px"
    color="#115293"
    fontSize="1rem"
    onInput={[Function]}
    pointerEvent="auto"
    prefix=""
    shapeSize="32px"
    type="text"
  />
</styled.div>
`;
